// Jest Snapshot v1, https://goo.gl/fbAQLP

exports[`App Should render 1`] = `
<View
  style={
    {
      "backgroundColor": "#ffffff",
      "flex": 1,
    }
  }
>
  <RCTScrollView
    data={
      [
        {
          "bestBefore": "2025-10-01",
          "description": "Description",
          "id": 1,
          "imageData": "iVBORw0KGgoAAAANSUhEUgAAAAgAAAAIAQMAAAD+wSzIAAAABlBMVEX///+/v7+jQ3Y5AAAADklEQVQI12P4AIX8EAgALgAD/aNpbtEAAAAASUVORK5CYII",
          "name": "Pill 1",
        },
      ]
    }
    getItem={[Function]}
    getItemCount={[Function]}
    keyExtractor={[Function]}
    onContentSizeChange={[Function]}
    onLayout={[Function]}
    onMomentumScrollBegin={[Function]}
    onMomentumScrollEnd={[Function]}
    onRefresh={[Function]}
    onScroll={[Function]}
    onScrollBeginDrag={[Function]}
    onScrollEndDrag={[Function]}
    refreshControl={
      <RefreshControlMock
        onRefresh={[Function]}
        refreshing={false}
      />
    }
    refreshing={false}
    removeClippedSubviews={false}
    renderItem={[Function]}
    scrollEventThrottle={0.0001}
    stickyHeaderIndices={[]}
    style={
      {
        "height": "100%",
        "margin": 0,
        "paddingRight": 10,
        "width": "100%",
      }
    }
    viewabilityConfigCallbackPairs={[]}
  >
    <RCTRefreshControl />
    <View>
      <View
        onFocusCapture={[Function]}
        onLayout={[Function]}
        style={null}
      >
        <View
          style={
            {
              "flex": 1,
            }
          }
        >
          <div>
            <View
              style={
                {
                  "alignItems": "flex-start",
                  "backgroundColor": "#ffffff",
                  "borderColor": undefined,
                  "borderRadius": 10,
                  "borderWidth": 1,
                  "flexDirection": "row",
                  "marginLeft": 10,
                  "marginRight": 0,
                  "marginTop": 10,
                  "padding": 10,
                }
              }
            >
              <div>
                <div>
                  <ViewManagerAdapter_ExpoImage
                    borderWidth={0.5}
                    containerViewRef={"[React.ref]"}
                    contentFit="cover"
                    contentPosition={
                      {
                        "left": "50%",
                        "top": "50%",
                      }
                    }
                    height="100%"
                    marginBottom={0}
                    marginRight={20}
                    nativeViewRef={"[React.ref]"}
                    onError={[Function]}
                    onLoad={[Function]}
                    onLoadStart={[Function]}
                    onProgress={[Function]}
                    placeholder={[]}
                    source={
                      [
                        {
                          "uri": "data:image/jpg;base64,iVBORw0KGgoAAAANSUhEUgAAAAgAAAAIAQMAAAD+wSzIAAAABlBMVEX///+/v7+jQ3Y5AAAADklEQVQI12P4AIX8EAgALgAD/aNpbtEAAAAASUVORK5CYII",
                        },
                      ]
                    }
                    style={
                      {
                        "borderColor": undefined,
                        "borderWidth": 0.5,
                        "height": "100%",
                        "marginBottom": 0,
                        "marginRight": 20,
                        "width": "100%",
                        "zIndex": 100,
                      }
                    }
                    testID="pill-image-1"
                    transition={null}
                    width="100%"
                    zIndex={100}
                  />
                </div>
              </div>
              <View
                style={
                  {
                    "flex": 1,
                    "flexDirection": "column",
                    "height": "100%",
                    "justifyContent": "space-between",
                    "marginTop": 0,
                    "width": "100%",
                  }
                }
              >
                <View
                  style={
                    {
                      "flexDirection": "column",
                      "verticalAlign": "top",
                    }
                  }
                >
                  <Text
                    style={
                      {
                        "color": "#000000",
                        "fontSize": 18,
                        "fontWeight": "bold",
                        "marginTop": -5,
                      }
                    }
                    testID="pill-name-1"
                  >
                    Pill 1
                  </Text>
                  <Text
                    ellipsizeMode="tail"
                    numberOfLines={5}
                    style={
                      {
                        "color": "#000000",
                        "fontSize": 14,
                      }
                    }
                    testID="pill-description-1"
                  >
                    Description
                  </Text>
                </View>
                <View>
                  <Text
                    style={
                      {
                        "alignSelf": "flex-end",
                        "color": undefined,
                        "fontSize": 12,
                        "textAlign": "right",
                      }
                    }
                    testID="pill-best-before-1"
                  >
                    pill_best_before: 2025-10-01
                  </Text>
                </View>
              </View>
            </View>
          </div>
        </View>
      </View>
    </View>
  </RCTScrollView>
  <View
    collapsable={false}
    pointerEvents="box-none"
    style={
      {
        "backgroundColor": "transparent",
        "bottom": 0,
        "elevation": 0,
        "left": 0,
        "position": "absolute",
        "right": 0,
        "top": 0,
        "zIndex": 0,
      }
    }
  >
    <View
      accessibilityLabel="Floating Action Button"
      accessible={true}
      collapsable={false}
      style={
        {
          "alignItems": "center",
          "backgroundColor": "#555555",
          "borderRadius": 28,
          "bottom": 30,
          "elevation": 5,
          "height": 56,
          "justifyContent": "center",
          "opacity": 1,
          "overflow": "visible",
          "position": "absolute",
          "right": 30,
          "shadowColor": "#000000",
          "shadowOffset": {
            "height": 5,
            "width": 0,
          },
          "shadowOpacity": 0.35,
          "shadowRadius": 3,
          "transform": [
            {
              "rotate": "0deg",
            },
            {
              "scale": 1,
            },
          ],
          "width": 56,
          "zIndex": 2,
        }
      }
    >
      <View
        accessibilityState={
          {
            "busy": undefined,
            "checked": undefined,
            "disabled": undefined,
            "expanded": undefined,
            "selected": undefined,
          }
        }
        accessibilityValue={
          {
            "max": undefined,
            "min": undefined,
            "now": undefined,
            "text": undefined,
          }
        }
        accessible={true}
        collapsable={false}
        focusable={true}
        onClick={[Function]}
        onResponderGrant={[Function]}
        onResponderMove={[Function]}
        onResponderRelease={[Function]}
        onResponderTerminate={[Function]}
        onResponderTerminationRequest={[Function]}
        onStartShouldSetResponder={[Function]}
        style={
          {
            "alignItems": "center",
            "borderRadius": 28,
            "height": 56,
            "justifyContent": "center",
            "opacity": 1,
            "width": 56,
            "zIndex": 3,
          }
        }
      >
        <View
          collapsable={false}
          style={
            {
              "alignItems": "center",
              "borderRadius": 28,
              "flex": 1,
              "height": 56,
              "justifyContent": "center",
              "width": 56,
            }
          }
        >
          <Image
            source={
              {
                "testUri": "../../../src/assets/images/add.png",
              }
            }
            style={
              {
                "height": 15,
                "width": 15,
              }
            }
          />
        </View>
      </View>
    </View>
  </View>
  <div />
  <View
    style={
      {
        "alignItems": "center",
        "flex": 1,
        "justifyContent": "center",
      }
    }
  />
</View>
`;
