// Jest Snapshot v1, https://goo.gl/fbAQLP

exports[`PillInfo appearence Should render 1`] = `
<View
  style={
    {
      "flex": 1,
    }
  }
>
  <div>
    <View
      style={
        {
          "alignItems": "flex-start",
          "backgroundColor": "#ffffff",
          "borderColor": "#ccccccc",
          "borderRadius": 10,
          "borderWidth": 1,
          "flexDirection": "row",
          "marginLeft": 10,
          "marginRight": 0,
          "marginTop": 10,
          "padding": 10,
        }
      }
    >
      <div>
        <div>
          <ViewManagerAdapter_ExpoImage
            borderColor={4278190080}
            borderWidth={0.5}
            containerViewRef={"[React.ref]"}
            contentFit="cover"
            contentPosition={
              {
                "left": "50%",
                "top": "50%",
              }
            }
            height="100%"
            marginBottom={0}
            marginRight={20}
            nativeViewRef={"[React.ref]"}
            onError={[Function]}
            onLoad={[Function]}
            onLoadStart={[Function]}
            onProgress={[Function]}
            placeholder={[]}
            source={
              [
                {
                  "uri": "data:image/jpg;base64,iVBORw0KGgoAAAANSUhEUgAAAAgAAAAIAQMAAAD+wSzIAAAABlBMVEX///+/v7+jQ3Y5AAAADklEQVQI12P4AIX8EAgALgAD/aNpbtEAAAAASUVORK5CYII",
                },
              ]
            }
            style={
              {
                "borderColor": "#000000",
                "borderWidth": 0.5,
                "height": "100%",
                "marginBottom": 0,
                "marginRight": 20,
                "width": "100%",
                "zIndex": 100,
              }
            }
            testID="pill-image-1"
            transition={null}
            width="100%"
            zIndex={100}
          />
        </div>
      </div>
      <View
        style={
          {
            "flex": 1,
            "flexDirection": "column",
            "height": "100%",
            "justifyContent": "space-between",
            "marginTop": 0,
            "width": "100%",
          }
        }
      >
        <View
          style={
            {
              "flexDirection": "column",
              "verticalAlign": "top",
            }
          }
        >
          <Text
            style={
              {
                "color": "#000000",
                "fontSize": 18,
                "fontWeight": "bold",
                "marginTop": -5,
              }
            }
            testID="pill-name-1"
          >
            Pill 1
          </Text>
          <Text
            ellipsizeMode="tail"
            numberOfLines={4}
            style={
              {
                "color": "#000000",
                "fontSize": 14,
              }
            }
            testID="pill-description-1"
          >
            Description
          </Text>
        </View>
        <View>
          <Text
            style={
              {
                "alignSelf": "flex-end",
                "color": "#888888",
                "fontSize": 12,
                "textAlign": "right",
              }
            }
            testID="pill-best-before-1"
          >
            pill_best_before: 2025-10-01
          </Text>
        </View>
      </View>
    </View>
  </div>
</View>
`;
