// Jest Snapshot v1, https://goo.gl/fbAQLP

exports[`PillDialog Should render 1`] = `
<div>
  <View
    style={
      {
        "backgroundColor": "#ffffff",
        "borderColor": "#ccccccc",
        "borderStyle": "solid",
        "borderWidth": 1,
        "bottom": 0,
        "height": "100%",
        "position": "absolute",
        "width": "100%",
        "zIndex": 1000,
      }
    }
  >
    <View
      style={
        {
          "alignItems": "center",
          "borderBottomWidth": 1,
          "borderColor": "#ccccccc",
          "borderStyle": "solid",
          "flexDirection": "row",
          "height": 80,
          "justifyContent": "space-between",
          "paddingHorizontal": 20,
        }
      }
    >
      <Text
        style={
          {
            "color": "#000000",
            "fontSize": 18,
            "fontWeight": "bold",
          }
        }
        testID="dialog-title"
      >
        pill_edit
      </Text>
      <View
        accessibilityRole="button"
        accessibilityState={
          {
            "busy": undefined,
            "checked": undefined,
            "disabled": false,
            "expanded": undefined,
            "selected": undefined,
          }
        }
        accessibilityValue={
          {
            "max": undefined,
            "min": undefined,
            "now": undefined,
            "text": undefined,
          }
        }
        accessible={true}
        collapsable={false}
        focusable={true}
        onClick={[Function]}
        onResponderGrant={[Function]}
        onResponderMove={[Function]}
        onResponderRelease={[Function]}
        onResponderTerminate={[Function]}
        onResponderTerminationRequest={[Function]}
        onStartShouldSetResponder={[Function]}
        style={
          {
            "opacity": 1,
          }
        }
        testID="dialog-save-button"
      >
        <View
          style={
            [
              {},
            ]
          }
        >
          <Text
            disabled={false}
            style={
              [
                {
                  "color": "#007AFF",
                  "fontSize": 18,
                  "margin": 8,
                  "textAlign": "center",
                },
                {
                  "color": "#555555",
                },
              ]
            }
          >
                save    
          </Text>
        </View>
      </View>
    </View>
    <View
      accessibilityState={
        {
          "busy": undefined,
          "checked": undefined,
          "disabled": undefined,
          "expanded": undefined,
          "selected": undefined,
        }
      }
      accessibilityValue={
        {
          "max": undefined,
          "min": undefined,
          "now": undefined,
          "text": undefined,
        }
      }
      accessible={true}
      collapsable={false}
      focusable={true}
      onBlur={[Function]}
      onClick={[Function]}
      onFocus={[Function]}
      onResponderGrant={[Function]}
      onResponderMove={[Function]}
      onResponderRelease={[Function]}
      onResponderTerminate={[Function]}
      onResponderTerminationRequest={[Function]}
      onStartShouldSetResponder={[Function]}
      style={
        {
          "borderRadius": 10,
          "height": "35%",
          "margin": 20,
          "minHeight": 220,
          "padding": 10,
        }
      }
      testID="dialog-image-button"
    >
      <ViewManagerAdapter_ExpoImage
        containerViewRef={"[React.ref]"}
        contentFit="contain"
        contentPosition={
          {
            "left": "50%",
            "top": "50%",
          }
        }
        height="100%"
        nativeViewRef={"[React.ref]"}
        onError={[Function]}
        onLoad={[Function]}
        onLoadStart={[Function]}
        onProgress={[Function]}
        placeholder={
          [
            {
              "testUri": "../../../src/assets/images/stub.png",
            },
          ]
        }
        source={
          [
            {
              "uri": "data:image/jpg;base64,iVBORw0KGgoAAAANSUhEUgAAAAgAAAAIAQMAAAD+wSzIAAAABlBMVEX///+/v7+jQ3Y5AAAADklEQVQI12P4AIX8EAgALgAD/aNpbtEAAAAASUVORK5CYII",
            },
          ]
        }
        style={
          {
            "height": "100%",
            "width": "100%",
          }
        }
        testID="dialog-image"
        transition={null}
        width="100%"
      />
    </View>
    <View
      style={
        {
          "alignItems": "center",
          "flex": 1,
          "flexDirection": "column",
          "justifyContent": "space-between",
          "marginBottom": 20,
          "paddingHorizontal": 10,
        }
      }
    >
      <TextInput
        defaultValue="Pill 1"
        onChangeText={[Function]}
        placeholder="pill_name"
        placeholderTextColor="#888888"
        style={
          {
            "backgroundColor": "#ffffff",
            "borderColor": "#ccccccc",
            "borderRadius": 10,
            "borderStyle": "solid",
            "borderWidth": 1,
            "color": "#000000",
            "fontSize": 16,
            "marginBottom": 20,
            "marginHorizontal": 10,
            "minHeight": 45,
            "paddingHorizontal": 10,
            "textAlignVertical": "top",
            "width": "100%",
          }
        }
        testID="dialog-name-input"
      />
      <TextInput
        defaultValue="Description"
        multiline={true}
        onChangeText={[Function]}
        placeholder="pill_description"
        placeholderTextColor="#888888"
        style={
          {
            "backgroundColor": "#ffffff",
            "borderColor": "#ccccccc",
            "borderRadius": 10,
            "borderStyle": "solid",
            "borderWidth": 1,
            "color": "#000000",
            "fontSize": 16,
            "height": "40%",
            "marginBottom": 20,
            "marginHorizontal": 10,
            "minHeight": 45,
            "paddingHorizontal": 10,
            "textAlignVertical": "top",
            "width": "100%",
          }
        }
        testID="dialog-description-input"
      />
      <View
        accessibilityState={
          {
            "busy": undefined,
            "checked": undefined,
            "disabled": undefined,
            "expanded": undefined,
            "selected": undefined,
          }
        }
        accessibilityValue={
          {
            "max": undefined,
            "min": undefined,
            "now": undefined,
            "text": undefined,
          }
        }
        accessible={true}
        collapsable={false}
        focusable={true}
        onBlur={[Function]}
        onClick={[Function]}
        onFocus={[Function]}
        onResponderGrant={[Function]}
        onResponderMove={[Function]}
        onResponderRelease={[Function]}
        onResponderTerminate={[Function]}
        onResponderTerminationRequest={[Function]}
        onStartShouldSetResponder={[Function]}
        style={
          {
            "padding": 0,
            "width": "100%",
          }
        }
        testID="dialog-best-before-input"
      >
        <Text
          style={
            {
              "backgroundColor": "#ffffff",
              "borderColor": "#ccccccc",
              "borderRadius": 10,
              "borderStyle": "solid",
              "borderWidth": 1,
              "color": "#000000",
              "fontSize": 16,
              "height": 45,
              "marginBottom": 20,
              "marginHorizontal": 0,
              "minHeight": 45,
              "paddingHorizontal": 10,
              "paddingVertical": 10,
              "textAlignVertical": "top",
              "width": "100%",
            }
          }
          testID="dialog-best-before"
        >
          pill_best_before: 01.10.2025
        </Text>
      </View>
    </View>
  </View>
</div>
`;
